  Γû▓ Next.js 14.2.35

   Creating an optimized production build ...
 Γ£ô Compiled successfully
   Linting and checking validity of types ...
node.exe : 
At line:1 char:1
+ & "C:\Program 
Files\nodejs/node.exe" 
"C:\Program 
Files\nodejs/node_mo 
...
+ ~~~~~~~~~~~~~~~~~~~~~
~~~~~~~~~~~~~~~~~~~~~~~
~~~~~~~~~~~~~~~~~~~~~~~
~~
    + CategoryInfo     
         : NotSpecifi  
  ed: (:String) [],    
 RemoteException
    + FullyQualifiedEr 
   rorId : NativeComm  
  andError
 
Failed to compile.

./src/app/api/save-summ
ary/route.ts
32:21  Error: 
Unexpected any. 
Specify a different 
type.  @typescript-esli
nt/no-explicit-any

./src/app/api/summaries
/route.ts
16:21  Error: 
Unexpected any. 
Specify a different 
type.  @typescript-esli
nt/no-explicit-any
39:21  Error: 
Unexpected any. 
Specify a different 
type.  @typescript-esli
nt/no-explicit-any

./src/app/api/summarize
/route.ts
97:21  Error: 
Unexpected any. 
Specify a different 
type.  @typescript-esli
nt/no-explicit-any

./src/app/dashboard/pag
e.tsx
14:42  Error: 
Unexpected any. 
Specify a different 
type.  @typescript-esli
nt/no-explicit-any
39:23  Error: 
Unexpected any. 
Specify a different 
type.  @typescript-esli
nt/no-explicit-any

./src/app/dashboard/sum
maries/page.tsx
10:48  Error: 
Unexpected any. 
Specify a different 
type.  @typescript-esli
nt/no-explicit-any
72:50  Error: `'` can 
be escaped with 
`&apos;`, `&lsquo;`, 
`&#39;`, `&rsquo;`.  re
act/no-unescaped-entiti
es

./src/app/login/page.ts
x
7:10  Error: 'LogIn' 
is defined but never 
used.  @typescript-esli
nt/no-unused-vars

./src/components/dashbo
ard/ResultDisplay.tsx
11:53  Error: 
Unexpected any. 
Specify a different 
type.  @typescript-esli
nt/no-explicit-any

./src/components/landin
g/TestimonialsSection.t
sx
4:34  Error: 
'AvatarImage' is 
defined but never 
used.  @typescript-esli
nt/no-unused-vars
65:41  Error: `"` can 
be escaped with 
`&quot;`, `&ldquo;`, 
`&#34;`, `&rdquo;`.  re
act/no-unescaped-entiti
es
65:63  Error: `"` can 
be escaped with 
`&quot;`, `&ldquo;`, 
`&#34;`, `&rdquo;`.  re
act/no-unescaped-entiti
es

./src/components/ui/inp
ut.tsx
4:18  Error: An 
interface declaring no 
members is equivalent 
to its supertype.  @typ
escript-eslint/no-empty
-object-type

./src/lib/supabase/serv
er.ts
18:30  Error: 'error' 
is defined but never 
used.  @typescript-esli
nt/no-unused-vars
27:30  Error: 'error' 
is defined but never 
used.  @typescript-esli
nt/no-unused-vars

info  - Need to 
disable some ESLint 
rules? Learn more 
here: https://nextjs.or
g/docs/basic-features/e
slint#disabling-rules
